// Vitest Snapshot v1, https://vitest.dev/guide/snapshot.html

exports[`path > converts absolute path to relative for builder 1`] = `"/some-path"`;

exports[`path > renders original path for server 1`] = `"/some-path"`;
