// Vitest Snapshot v1, https://vitest.dev/guide/snapshot.html

exports[`wrapper > renders with wrapper elements 1`] = `"wrapped consumer"`;
